# 54_with_cte
# **Lowered since cycle 15** (C15-05b; the author's decision 4). This case recorded a
# refusal: the `with` list was parsed and discarded, so `from x` reached the lowering as a
# relation nobody had declared and was refused as NL0500 — the harder construct
# (`with recursive`) had a Niles spelling and the easier one had none. The entry is now
# lowered and its name bound for the rest of the statement: the rows of `t`.
1 10 100 x1
1 10 null x1
2 20 200 x1
3 30 null x1
