=======================================================================
 Niles research prototype — experiment suite
 Seeds: [1, 7, 42, 100, 2024]
 All primary metrics are counted work units (machine-independent).
=======================================================================

[E5] History-independence

  History-independence: base rows read per reconstruction, workload shape fixed
     ledger epochs   indexed (median)   unindexed scan (median)
              5000              124.5                  14000.0
             20000              499.3                  44000.0
             80000             2009.8                 164000.0
            320000             8008.9                 644000.0

[E6] Eviction policies under reconstruction latency

  Eviction policy comparison (skew s=0.9, budget=5% of key space)
     service_time  policy        misses(median)  rows_touched(median)  aggregate_delay(median)
              0.0  random                 21149                 88764                        0
              0.0  lru                    19583                 41002                        0
              0.0  cost_aware             18531                 29272                        0
              1.0  random                 21149                 88764                   211490
              1.0  lru                    19583                 41002                   195830
              1.0  cost_aware             19004                 33806                   190040
              4.0  random                 21149                 88764                  3130052
              4.0  lru                    19583                 41002                  2898284
              4.0  cost_aware             19041                 34823                  2818068

All CSV artifacts written to results/.
