=======================================================================
 Kaskata research prototype — experiment suite
 Seeds: [1, 7, 42, 100, 2024]
 All primary metrics are counted work units (machine-independent).
=======================================================================

[E7] Write path

  Write path (in-memory, single-threaded, NO durability — mechanism cost only)
     config          hot_share   postings/sec (median)
     chained              0.0                1526384
     chained              0.5                1739657
     chained              0.9                1686866
     no-chain             0.0                2243577
     no-chain             0.5                2107468
     no-chain             0.9                2222726

[E8] Consistency rungs

  Cost per consistency rung (skew s=0.9, budget=5%, identical workload)
     rung                    misses(median)   rows_touched(median)   hit-rate(median)
     bounded(k=64)                    19714                  40084              0.455
     bounded(k=8)                     19670                  40803              0.456
     strict(k=0)                      19658                  40869              0.456

All CSV artifacts written to results/.
